{
    "version": 8,
    "ministry_id": 2,
    "id": "6cdc5763-fc2c-4904-a333-a6c79b454910",
    "lastModified": "2024-12-20T22:02:55+00:00",
    "title": "Work Search Activity Record",
    "form_id": "HR0077",
    "deployed_to": null,
    "dataSources": [],
    "data": {
        "items": [
            {
                "type": "group",
                "label": "Master Page",
                "id": "1",
                "groupId": "12",
                "repeater": false,
                "codeContext": {
                    "name": "master_page"
                },
                "groupItems": [
                    {
                        "fields": [
                            {
                                "type": "text-info",
                                "id": "2",
                                "label": null,
                                "helpText": null,
                                "styles": null,
                                "mask": null,
                                "codeContext": {
                                    "name": "generic_text_display"
                                },
                                "value": null,
                                "helperText": " as it appears on official documents"
                            },
                            {
                                "type": "text-info",
                                "id": "3",
                                "label": null,
                                "helpText": null,
                                "styles": null,
                                "mask": null,
                                "codeContext": {
                                    "name": "form_title"
                                },
                                "value": "Work Search\u2029Activities Record",
                                "helperText": " as it appears on official documents"
                            },
                            {
                                "type": "text-info",
                                "id": "4",
                                "label": null,
                                "helpText": null,
                                "styles": null,
                                "mask": null,
                                "codeContext": {
                                    "name": "form_instance_id"
                                },
                                "value": null,
                                "helperText": " as it appears on official documents"
                            },
                            {
                                "type": "text-info",
                                "id": "5",
                                "label": null,
                                "helpText": null,
                                "styles": null,
                                "mask": null,
                                "codeContext": {
                                    "name": "generic_text_display"
                                },
                                "value": "This is a mandatory form for applicants\u2029and must be returned to the ministry",
                                "helperText": " as it appears on official documents"
                            }
                        ]
                    }
                ]
            },
            {
                "type": "text-info",
                "id": "6",
                "label": null,
                "helpText": null,
                "styles": null,
                "mask": null,
                "codeContext": {
                    "name": "foi_statement"
                },
                "value": "The personal information requested on this form is collected under the authority of and will be used for the purpose of administering the Employment and \u2029Assistance Act and the Employment and Assistance for Persons with Disabilities Act. The collection, use and disclosure of personal information is subject \u2029to the provisions of the Freedom of Information and Protection of Privacy Act. Any questions about this information should be directed to your Employment \u2029and Assistance Centre.",
                "helperText": " as it appears on official documents"
            },
            {
                "type": "group",
                "label": "Contact Information",
                "id": "7",
                "groupId": "11",
                "repeater": false,
                "codeContext": {
                    "name": "contact_information"
                },
                "groupItems": [
                    {
                        "fields": [
                            {
                                "type": "text-input",
                                "id": "8",
                                "label": null,
                                "helpText": "Screen reader: Last Name",
                                "styles": null,
                                "mask": null,
                                "codeContext": {
                                    "name": "contact_last_name"
                                },
                                "databindings": {
                                    "source": "Contact",
                                    "path": "$.FormInstance.ListOfContact.Contact.LastName"
                                },
                                "placeholder": "Enter your ",
                                "helperText": " as it appears on official documents",
                                "inputType": "text"
                            },
                            {
                                "type": "text-input",
                                "id": "9",
                                "label": null,
                                "helpText": "Screen reader: First Name",
                                "styles": null,
                                "mask": null,
                                "codeContext": {
                                    "name": "contact_first_name"
                                },
                                "databindings": {
                                    "source": "Contact",
                                    "path": "$.FormInstance.ListOfContact.Contact.FirstName"
                                },
                                "placeholder": "Enter your ",
                                "helperText": " as it appears on official documents",
                                "inputType": "text"
                            },
                            {
                                "type": "date",
                                "id": "10",
                                "label": null,
                                "helpText": "Screen reader: Birthdate in YYYY-MMM-DD format",
                                "styles": null,
                                "mask": null,
                                "codeContext": {
                                    "name": "contact_date_of_birth"
                                },
                                "databindings": {
                                    "source": "Contact",
                                    "path": "$.FormInstance.ListOfContact.Contact.BirthDate"
                                }
                            },
                            {
                                "type": "text-area",
                                "id": "11",
                                "label": null,
                                "helpText": null,
                                "styles": null,
                                "mask": null,
                                "codeContext": {
                                    "name": "contact_address"
                                },
                                "databindings": {
                                    "source": "Contact",
                                    "path": "$.FormInstance.String19"
                                }
                            },
                            {
                                "type": "text-input",
                                "id": "12",
                                "label": null,
                                "helpText": null,
                                "styles": null,
                                "mask": null,
                                "codeContext": {
                                    "name": "contact_postal"
                                },
                                "databindings": {
                                    "source": "Contact",
                                    "path": "$.FormInstance.ListOfContact.Contact.ListOfContactAddresses.ContactAddresses.PostalCode"
                                },
                                "placeholder": "Enter your ",
                                "helperText": " as it appears on official documents",
                                "inputType": "text"
                            },
                            {
                                "type": "text-input",
                                "id": "13",
                                "label": null,
                                "helpText": "Telephone number. Enter numbers only box will format pattern.",
                                "styles": null,
                                "mask": null,
                                "codeContext": {
                                    "name": "phone_number"
                                },
                                "placeholder": "Enter your ",
                                "helperText": " as it appears on official documents",
                                "inputType": "text"
                            }
                        ]
                    }
                ]
            },
            {
                "type": "text-info",
                "id": "14",
                "label": null,
                "helpText": null,
                "styles": null,
                "mask": null,
                "codeContext": {
                    "name": "generic_text_display"
                },
                "value": "Reasonable Work Search Activities",
                "helperText": " as it appears on official documents"
            },
            {
                "type": "text-input",
                "id": "15",
                "label": null,
                "helpText": null,
                "styles": null,
                "mask": null,
                "codeContext": {
                    "name": "case_number"
                },
                "placeholder": "Enter your ",
                "helperText": " as it appears on official documents",
                "inputType": "text"
            },
            {
                "type": "text-input",
                "id": "16",
                "label": null,
                "helpText": null,
                "styles": null,
                "mask": null,
                "codeContext": {
                    "name": "sr_number"
                },
                "placeholder": "Enter your ",
                "helperText": " as it appears on official documents",
                "inputType": "text"
            },
            {
                "type": "text-info",
                "id": "17",
                "label": null,
                "helpText": null,
                "styles": null,
                "mask": null,
                "codeContext": {
                    "name": "generic_text_display"
                },
                "value": "Examples of work search activities:\n- Preparation of (i.e. drafting, typing, photocopying) resume\u2029and\/or cover letters, when completed in combination with employer contacts\n- Telephone inquiries to potential and specific employers\n- Fact finding interviews, when completed in combination with employer contacts\n- Responding to newspaper ads, internet\n- Cold calling potential employers\n- Networking with friends, relatives, neighbors, previous employers, colleagues or other social contacts\n- Submitting applications for employment\n- Submitting letters and\/or resumes for employment\n- Participating in employment interviews\n- Attending workshops for resume preparation or employment search",
                "helperText": " as it appears on official documents"
            },
            {
                "type": "text-info",
                "id": "field20",
                "label": null,
                "helpText": null,
                "styles": null,
                "mask": null,
                "codeContext": {
                    "name": "generic_text_display"
                },
                "value": "Instructions: List date, type of activity (e.g. resume preparation, personal interview, application, telephone call, networking, etc.), location\u2029of activity, a contact name and phone number and the results of all activities that you have done to improve your opportunities of finding work.\u2029Please refer to the Work Search Toolkit for work search ideas and activities that will assist you to find employment. Prior to submitting this form, sign and date the declaration and notification at the bottom of page 2 (reverse) of this form.",
                "helperText": " as it appears on official documents"
            },
            {
                "type": "group",
                "label": "Table - Work Search Activity",
                "id": "18",
                "groupId": "1",
                "repeater": true,
                "codeContext": {
                    "name": "generic_group"
                },
                "groupItems": [
                    {
                        "fields": [
                            {
                                "type": "date",
                                "id": "19",
                                "label": null,
                                "helpText": null,
                                "styles": null,
                                "mask": null,
                                "codeContext": {
                                    "name": "generic_date"
                                }
                            },
                            {
                                "type": "text-input",
                                "id": "20",
                                "label": null,
                                "helpText": null,
                                "styles": null,
                                "mask": null,
                                "codeContext": {
                                    "name": "generic_text_input"
                                },
                                "placeholder": "Enter your ",
                                "helperText": " as it appears on official documents",
                                "inputType": "text"
                            },
                            {
                                "type": "text-input",
                                "id": "21",
                                "label": null,
                                "helpText": null,
                                "styles": null,
                                "mask": null,
                                "codeContext": {
                                    "name": "generic_text_input"
                                },
                                "placeholder": "Enter your ",
                                "helperText": " as it appears on official documents",
                                "inputType": "text"
                            },
                            {
                                "type": "text-input",
                                "id": "22",
                                "label": null,
                                "helpText": null,
                                "styles": null,
                                "mask": null,
                                "codeContext": {
                                    "name": "generic_text_input"
                                },
                                "placeholder": "Enter your ",
                                "helperText": " as it appears on official documents",
                                "inputType": "text"
                            },
                            {
                                "type": "text-input",
                                "id": "23",
                                "label": null,
                                "helpText": "Telephone number. Enter numbers only box will format pattern.",
                                "styles": null,
                                "mask": null,
                                "codeContext": {
                                    "name": "phone_number"
                                },
                                "placeholder": "Enter your ",
                                "helperText": " as it appears on official documents",
                                "inputType": "text"
                            },
                            {
                                "type": "text-input",
                                "id": "24",
                                "label": null,
                                "helpText": null,
                                "styles": null,
                                "mask": null,
                                "codeContext": {
                                    "name": "generic_text_input"
                                },
                                "placeholder": "Enter your ",
                                "helperText": " as it appears on official documents",
                                "inputType": "text"
                            }
                        ]
                    }
                ]
            },
            {
                "type": "text-info",
                "id": "25",
                "label": null,
                "helpText": null,
                "styles": null,
                "mask": null,
                "codeContext": {
                    "name": "generic_text_display"
                },
                "value": "(add additional pages if neccessary)",
                "helperText": " as it appears on official documents"
            },
            {
                "type": "text-info",
                "id": "field21",
                "label": null,
                "helpText": null,
                "styles": null,
                "mask": null,
                "codeContext": {
                    "name": "generic_text_display"
                },
                "value": "If you have not looked for work, please indicate why.",
                "helperText": " as it appears on official documents"
            },
            {
                "type": "checkbox",
                "id": "26",
                "label": null,
                "helpText": null,
                "styles": null,
                "mask": null,
                "codeContext": {
                    "name": "generic_checkbox"
                }
            },
            {
                "type": "checkbox",
                "id": "27",
                "label": null,
                "helpText": null,
                "styles": null,
                "mask": null,
                "codeContext": {
                    "name": "generic_checkbox"
                }
            },
            {
                "type": "checkbox",
                "id": "28",
                "label": null,
                "helpText": null,
                "styles": null,
                "mask": null,
                "codeContext": {
                    "name": "generic_checkbox"
                }
            },
            {
                "type": "checkbox",
                "id": "29",
                "label": null,
                "helpText": null,
                "styles": null,
                "mask": null,
                "codeContext": {
                    "name": "generic_checkbox"
                }
            },
            {
                "type": "checkbox",
                "id": "30",
                "label": null,
                "helpText": null,
                "styles": null,
                "mask": null,
                "codeContext": {
                    "name": "generic_checkbox"
                }
            },
            {
                "type": "text-area",
                "id": "31",
                "label": null,
                "helpText": null,
                "styles": null,
                "mask": null,
                "codeContext": {
                    "name": "generic_text_input_area"
                }
            },
            {
                "type": "group",
                "label": "Portal",
                "id": "32",
                "groupId": "1",
                "repeater": false,
                "codeContext": {
                    "name": "generic_group"
                },
                "groupItems": [
                    {
                        "fields": [
                            {
                                "type": "text-info",
                                "id": "33",
                                "label": null,
                                "helpText": null,
                                "styles": null,
                                "mask": null,
                                "codeContext": {
                                    "name": "generic_text_display"
                                },
                                "value": "Declaration and Notification\nI declare that all the information I have provided in this form is true and complete. I understand the accuracy of the information I provide will be checked by comparing it against information held by other governments, private agencies and individuals. I understand that the bc government may verify and obtain information to confirm my eligibility.",
                                "helperText": " as it appears on official documents"
                            },
                            {
                                "type": "date",
                                "id": "34",
                                "label": null,
                                "helpText": null,
                                "styles": null,
                                "mask": null,
                                "codeContext": {
                                    "name": "current_date"
                                }
                            },
                            {
                                "type": "text-input",
                                "id": "35",
                                "label": null,
                                "helpText": null,
                                "styles": null,
                                "mask": null,
                                "codeContext": {
                                    "name": "signed_at_portal"
                                },
                                "databindings": {
                                    "source": "Service Request",
                                    "path": "$.FormInstance.SignedAtPortal"
                                },
                                "placeholder": "Enter your ",
                                "helperText": " as it appears on official documents",
                                "inputType": "text"
                            },
                            {
                                "type": "text-input",
                                "id": "36",
                                "label": null,
                                "helpText": null,
                                "styles": null,
                                "mask": null,
                                "codeContext": {
                                    "name": "generic_text_input"
                                },
                                "placeholder": "Enter your ",
                                "helperText": " as it appears on official documents",
                                "inputType": "text"
                            },
                            {
                                "type": "checkbox",
                                "id": "37",
                                "label": null,
                                "helpText": null,
                                "styles": null,
                                "mask": null,
                                "codeContext": {
                                    "name": "agreement"
                                }
                            },
                            {
                                "type": "text-input",
                                "id": "38",
                                "label": null,
                                "helpText": null,
                                "styles": null,
                                "mask": null,
                                "codeContext": {
                                    "name": "signature"
                                },
                                "placeholder": "Enter your ",
                                "helperText": " as it appears on official documents",
                                "inputType": "text"
                            },
                            {
                                "type": "text-input",
                                "id": "39",
                                "label": null,
                                "helpText": null,
                                "styles": null,
                                "mask": null,
                                "codeContext": {
                                    "name": "contact_full_name"
                                },
                                "databindings": {
                                    "source": "Contact",
                                    "path": "$.FormInstance.ListOfContact.Contact.FullName"
                                },
                                "placeholder": "Enter your ",
                                "helperText": " as it appears on official documents",
                                "inputType": "text"
                            },
                            {
                                "type": "date",
                                "id": "40",
                                "label": null,
                                "helpText": null,
                                "styles": null,
                                "mask": null,
                                "codeContext": {
                                    "name": "signature_date"
                                }
                            }
                        ]
                    }
                ]
            },
            {
                "type": "group",
                "label": "Siebel",
                "id": "41",
                "groupId": "1",
                "repeater": false,
                "codeContext": {
                    "name": "generic_group"
                },
                "groupItems": [
                    {
                        "fields": [
                            {
                                "type": "text-info",
                                "id": "42",
                                "label": null,
                                "helpText": null,
                                "styles": null,
                                "mask": null,
                                "codeContext": {
                                    "name": "generic_text_display"
                                },
                                "value": "Declaration and Notification\nI declare that all the information I have provided in this form is true and complete. I understand the accuracy of the information I provide will be checked by comparing it against information held by other governments, private agencies and individuals. I understand that the bc government may verify and obtain information to confirm my eligibility.",
                                "helperText": " as it appears on official documents"
                            },
                            {
                                "type": "text-input",
                                "id": "43",
                                "label": null,
                                "helpText": null,
                                "styles": null,
                                "mask": null,
                                "codeContext": {
                                    "name": "signature"
                                },
                                "placeholder": "Enter your ",
                                "helperText": " as it appears on official documents",
                                "inputType": "text"
                            },
                            {
                                "type": "checkbox",
                                "id": "44",
                                "label": null,
                                "helpText": null,
                                "styles": null,
                                "mask": null,
                                "codeContext": {
                                    "name": "agreement"
                                }
                            },
                            {
                                "type": "text-input",
                                "id": "45",
                                "label": null,
                                "helpText": null,
                                "styles": null,
                                "mask": null,
                                "codeContext": {
                                    "name": "generic_text_input"
                                },
                                "placeholder": "Enter your ",
                                "helperText": " as it appears on official documents",
                                "inputType": "text"
                            },
                            {
                                "type": "text-input",
                                "id": "46",
                                "label": null,
                                "helpText": null,
                                "styles": null,
                                "mask": null,
                                "codeContext": {
                                    "name": "contact_full_name"
                                },
                                "databindings": {
                                    "source": "Contact",
                                    "path": "$.FormInstance.ListOfContact.Contact.FullName"
                                },
                                "placeholder": "Enter your ",
                                "helperText": " as it appears on official documents",
                                "inputType": "text"
                            },
                            {
                                "type": "date",
                                "id": "47",
                                "label": null,
                                "helpText": null,
                                "styles": null,
                                "mask": null,
                                "codeContext": {
                                    "name": "generic_date"
                                }
                            }
                        ]
                    }
                ]
            },
            {
                "type": "text-input",
                "id": "48",
                "label": null,
                "helpText": null,
                "styles": null,
                "mask": null,
                "codeContext": {
                    "name": "generic_text_input"
                },
                "placeholder": "Enter your ",
                "helperText": " as it appears on official documents",
                "inputType": "text"
            },
            {
                "type": "group",
                "label": "Submit Form",
                "id": "49",
                "groupId": "6",
                "repeater": false,
                "codeContext": {
                    "name": "submit_form"
                },
                "groupItems": [
                    {
                        "fields": [
                            {
                                "type": "button",
                                "id": "50",
                                "label": null,
                                "helpText": null,
                                "styles": null,
                                "mask": null,
                                "codeContext": {
                                    "name": "submit"
                                }
                            },
                            {
                                "type": "button",
                                "id": "51",
                                "label": null,
                                "helpText": null,
                                "styles": null,
                                "mask": null,
                                "codeContext": {
                                    "name": "cancel"
                                }
                            },
                            {
                                "type": "button",
                                "id": "52",
                                "label": null,
                                "helpText": null,
                                "styles": null,
                                "mask": null,
                                "codeContext": {
                                    "name": "cancel"
                                }
                            },
                            {
                                "type": "button",
                                "id": "53",
                                "label": null,
                                "helpText": null,
                                "styles": null,
                                "mask": null,
                                "codeContext": {
                                    "name": "generic_button"
                                }
                            },
                            {
                                "type": "text-input",
                                "id": "54",
                                "label": null,
                                "helpText": null,
                                "styles": null,
                                "mask": null,
                                "codeContext": {
                                    "name": "generic_text_input"
                                },
                                "placeholder": "Enter your ",
                                "helperText": " as it appears on official documents",
                                "inputType": "text"
                            },
                            {
                                "type": "checkbox",
                                "id": "55",
                                "label": null,
                                "helpText": null,
                                "styles": null,
                                "mask": null,
                                "codeContext": {
                                    "name": "agreement"
                                }
                            }
                        ]
                    }
                ]
            }
        ]
    }
}